#
# A fatal error has been detected by the Java Runtime Environment:
#
#  EXCEPTION_ACCESS_VIOLATION (0xc0000005) at pc=0x0000025580018dae, pid=18512, tid=2488
#
# JRE version: Java(TM) SE Runtime Environment (17.0.12+8) (build 17.0.12+8-LTS-286)
# Java VM: Java HotSpot(TM) 64-Bit Server VM (17.0.12+8-LTS-286, mixed mode, emulated-client, sharing, tiered, compressed oops, compressed class ptrs, g1 gc, windows-amd64)
# Problematic frame:
# j  com.fasterxml.jackson.databind.SerializationConfig.isEnabled(Lcom/fasterxml/jackson/databind/cfg/DatatypeFeature;)Z+5
#
# No core dump will be written. Minidumps are not enabled by default on client versions of Windows
#
# If you would like to submit a bug report, please visit:
#   https://bugreport.java.com/bugreport/crash.jsp
#

---------------  S U M M A R Y ------------

Command Line: -XX:TieredStopAtLevel=1 com.PointVenteApplication

Host: Intel(R) Core(TM) i7-10700 CPU @ 2.90GHz, 16 cores, 15G,  Windows 11 , 64 bit Build 26100 (10.0.26100.9444)
Time: Thu Oct  8 11:51:12 2026 Maroc elapsed time: 674.775162 seconds (0d 0h 11m 14s)

---------------  T H R E A D  ---------------

Current thread (0x00000255dcb2a300):  JavaThread "http-nio-8009-exec-2" daemon [_thread_in_Java, id=2488, stack(0x000000e73c400000,0x000000e73c500000)]

Stack: [0x000000e73c400000,0x000000e73c500000],  sp=0x000000e73c4f9758,  free space=997k
Native frames: (J=compiled Java code, j=interpreted, Vv=VM code, C=native code)
C  0x0000025580018dae


siginfo: EXCEPTION_ACCESS_VIOLATION (0xc0000005), reading address 0x00000255ae236338


Registers:
RAX=0x00000255ae236140, RBX=0x0000000000000006, RCX=0x00000007049b7cc0, RDX=0x0000000010000002
RSP=0x000000e73c4f9758, RBP=0x000000e73c4f97b8, RSI=0x00000007044402b8, RDI=0x0000000000000001
R8 =0x0000000000000000, R9 =0x00000007049afd30, R10=0x000002558f000000, R11=0x0000025580408ac0
R12=0x0000000000000000, R13=0x00000255d1f3af35, R14=0x000000e73c4f97d0, R15=0x00000255dcb2a300
RIP=0x0000025580018dae, EFLAGS=0x0000000000010202


Register to memory mapping:

RIP=0x0000025580018dae is at code_begin+366 in an Interpreter codelet
invokevirtual  182 invokevirtual  [0x0000025580018c40, 0x0000025580018de0]  416 bytes
RAX=0x00000255ae236140 is an unknown value
RBX=0x0000000000000006 is an unknown value
RCX=
[error occurred during error reporting (printing register info), id 0xc0000005, EXCEPTION_ACCESS_VIOLATION (0xc0000005) at pc=0x00007ff9e7e2058d]

Top of Stack: (sp=0x000000e73c4f9758)
0x000000e73c4f9758:   00000255800094ca 00000007049b49d8
0x000000e73c4f9768:   00000007049b7cc0 000000e73c4f9770
0x000000e73c4f9778:   00000255d1f3af35 000000e73c4f97d0
0x000000e73c4f9788:   00000255d1f69f28 0000000000000000
0x000000e73c4f9798:   00000007049cc978 00000255d1f3af58
0x000000e73c4f97a8:   0000000000000000 000000e73c4f97c8
0x000000e73c4f97b8:   000000e73c4f9820 00000255800094ca
0x000000e73c4f97c8:   00000007049b49d8 000000071877dd90
0x000000e73c4f97d8:   000000e73c4f97d8 00000255d949d1c9
0x000000e73c4f97e8:   000000e73c4f9878 00000255d949dc10
0x000000e73c4f97f8:   0000000000000000 00000007138a2bf0
0x000000e73c4f9808:   00000255d949d288 000000e73c4f97c8
0x000000e73c4f9818:   000000e73c4f9870 000000e73c4f98c8
0x000000e73c4f9828:   000002558000950f 0000000707f42218
0x000000e73c4f9838:   000000070810cda8 000000000000000a
0x000000e73c4f9848:   0000000000000000 000000070fc09418 

Instructions: (pc=0x0000025580018dae)
0x0000025580018cae:   48 8d 44 24 08 4c 89 6d c0 49 8b cf c5 f8 77 49
0x0000025580018cbe:   89 af a0 02 00 00 49 89 87 90 02 00 00 48 83 ec
0x0000025580018cce:   20 40 f6 c4 0f 0f 84 1a 00 00 00 48 83 ec 08 49
0x0000025580018cde:   ba 70 05 ed e7 f9 7f 00 00 41 ff d2 48 83 c4 08
0x0000025580018cee:   e9 0d 00 00 00 49 ba 70 05 ed e7 f9 7f 00 00 41
0x0000025580018cfe:   ff d2 48 83 c4 20 49 c7 87 90 02 00 00 00 00 00
0x0000025580018d0e:   00 49 c7 87 a0 02 00 00 00 00 00 00 49 c7 87 98
0x0000025580018d1e:   02 00 00 00 00 00 00 c5 f8 77 49 81 7f 08 00 00
0x0000025580018d2e:   00 00 0f 84 05 00 00 00 e9 c5 81 fe ff 4c 8b 6d
0x0000025580018d3e:   c0 4c 8b 75 c8 c3 41 0f b7 55 01 48 8b 4d d0 c1
0x0000025580018d4e:   e2 02 48 8b 5c d1 30 8b 54 d1 38 8b ca 81 e1 ff
0x0000025580018d5e:   00 00 00 48 8b 4c cc f8 44 8b ea c1 ea 1c 49 ba
0x0000025580018d6e:   20 b4 67 e8 f9 7f 00 00 49 8b 14 d2 52 41 8b d5
0x0000025580018d7e:   4c 8b 6d c0 8b c2 25 00 00 10 00 0f 84 0f 00 00
0x0000025580018d8e:   00 48 3b 01 4c 8d 6c 24 08 4c 89 6d f0 ff 63 50
0x0000025580018d9e:   8b 41 08 49 ba 00 00 00 8f 55 02 00 00 49 03 c2
0x0000025580018dae:   48 8b 9c d8 c8 01 00 00 4c 8d 6c 24 08 4c 89 6d
0x0000025580018dbe:   f0 ff 63 50 66 0f 1f 44 00 00 00 00 00 00 00 00
0x0000025580018dce:   00 00 00 00 00 00 00 00 00 00 00 00 00 00 00 00
0x0000025580018dde:   00 00 80 01 00 00 00 00 00 00 b0 37 41 e8 f9 7f
0x0000025580018dee:   00 00 b7 00 00 00 00 00 00 00 00 00 00 00 00 00
0x0000025580018dfe:   00 00 48 83 ec 08 c5 fa 11 04 24 e9 25 00 00 00
0x0000025580018e0e:   48 83 ec 10 c5 fb 11 04 24 e9 17 00 00 00 48 83
0x0000025580018e1e:   ec 10 48 89 04 24 48 c7 44 24 08 00 00 00 00 e9
0x0000025580018e2e:   01 00 00 00 50 4c 89 6d c0 41 0f b7 55 01 48 8b
0x0000025580018e3e:   4d d0 c1 e2 02 8b 5c d1 20 c1 eb 10 81 e3 ff 00
0x0000025580018e4e:   00 00 81 fb b7 00 00 00 0f 84 b4 00 00 00 bb b7
0x0000025580018e5e:   00 00 00 e8 05 00 00 00 e9 99 00 00 00 48 8b d3
0x0000025580018e6e:   48 8d 44 24 08 4c 89 6d c0 49 8b cf c5 f8 77 49
0x0000025580018e7e:   89 af a0 02 00 00 49 89 87 90 02 00 00 48 83 ec
0x0000025580018e8e:   20 40 f6 c4 0f 0f 84 1a 00 00 00 48 83 ec 08 49
0x0000025580018e9e:   ba 70 05 ed e7 f9 7f 00 00 41 ff d2 48 83 c4 08 


Stack slot to memory mapping:
stack at sp + 0 slots: 0x00000255800094ca is at code_begin+1098 in an Interpreter codelet
return entry points  [0x0000025580009080, 0x00000255800098a0]  2080 bytes
stack at sp + 1 slots: 0x00000007049b49d8 is an oop: com.fasterxml.jackson.databind.cfg.EnumFeature 
{0x00000007049b49d8} - klass: 'com/fasterxml/jackson/databind/cfg/EnumFeature'
 - ---- fields (total size 4 words):
 - private final 'ordinal' 'I' @12  1
 - private final 'name' 'Ljava/lang/String;' @16  "WRITE_ENUMS_TO_LOWERCASE"{0x00000007049b4858} (e093690b)
 - private final '_mask' 'I' @20  2
 - private final '_enabledByDefault' 'Z' @24  false
stack at sp + 2 slots: 
[error occurred during error reporting (inspecting top of stack), id 0xc0000005, EXCEPTION_ACCESS_VIOLATION (0xc0000005) at pc=0x00007ff9e7e2058d]

invokevirtual  182 invokevirtual  [0x0000025580018c40, 0x0000025580018de0]  416 bytes
[MachCode]
  0x0000025580018c40: 4883 ec08 | c5fa 1104 | 24e9 2500 | 0000 4883 | ec10 c5fb | 1104 24e9 | 1700 0000 | 4883 ec10 
  0x0000025580018c60: 4889 0424 | 48c7 4424 | 0800 0000 | 00e9 0100 | 0000 504c | 896d c041 | 0fb7 5501 | 488b 4dd0 
  0x0000025580018c80: c1e2 028b | 5cd1 20c1 | eb18 81e3 | ff00 0000 | 81fb b600 | 0000 0f84 | b400 0000 | bbb6 0000 
  0x0000025580018ca0: 00e8 0500 | 0000 e999 | 0000 0048 | 8bd3 488d | 4424 084c | 896d c049 | 8bcf c5f8 | 7749 89af 
  0x0000025580018cc0: a002 0000 | 4989 8790 | 0200 0048 | 83ec 2040 | f6c4 0f0f | 841a 0000 | 0048 83ec | 0849 ba70 
  0x0000025580018ce0: 05ed e7f9 | 7f00 0041 | ffd2 4883 | c408 e90d | 0000 0049 | ba70 05ed | e7f9 7f00 | 0041 ffd2 
  0x0000025580018d00: 4883 c420 | 49c7 8790 | 0200 0000 | 0000 0049 | c787 a002 | 0000 0000 | 0000 49c7 | 8798 0200 
  0x0000025580018d20: 0000 0000 | 00c5 f877 | 4981 7f08 | 0000 0000 | 0f84 0500 | 0000 e9c5 | 81fe ff4c | 8b6d c04c 
  0x0000025580018d40: 8b75 c8c3 | 410f b755 | 0148 8b4d | d0c1 e202 | 488b 5cd1 | 308b 54d1 | 388b ca81 | e1ff 0000 
  0x0000025580018d60: 0048 8b4c | ccf8 448b | eac1 ea1c | 49ba 20b4 | 67e8 f97f | 0000 498b | 14d2 5241 | 8bd5 4c8b 
  0x0000025580018d80: 6dc0 8bc2 | 2500 0010 | 000f 840f | 0000 0048 | 3b01 4c8d | 6c24 084c | 896d f0ff | 6350 8b41 
  0x0000025580018da0: 0849 ba00 | 0000 8f55 | 0200 0049 | 03c2 488b | 9cd8 c801 | 0000 4c8d | 6c24 084c | 896d f0ff 
  0x0000025580018dc0: 6350 660f | 1f44 0000 | 0000 0000 | 0000 0000 | 0000 0000 | 0000 0000 | 0000 0000 | 0000 0000 
[/MachCode]

---------------  P R O C E S S  ---------------

Threads class SMR info:
_java_thread_list=0x00000255dca73160, length=36, elements={
0x00000255d0013da0, 0x00000255d0014870, 0x00000255d002c6d0, 0x00000255d002cfa0,
0x00000255d002e880, 0x00000255d0031160, 0x00000255d0034fe0, 0x00000255d003ff20,
0x00000255d01a0990, 0x00000255d01b3130, 0x00000255d5478820, 0x00000255d5430f40,
0x00000255d5425380, 0x00000255d54c6f60, 0x00000255d53deec0, 0x00000255d53df3d0,
0x00000255d53dfdf0, 0x00000255d53de9b0, 0x00000255d53ddf90, 0x00000255d53e0d20,
0x00000255d53e1230, 0x00000255d53de4a0, 0x00000255dcb27060, 0x00000255dcb2a300,
0x00000255dcb29df0, 0x00000255dcb27a80, 0x00000255dcb293d0, 0x00000255dcb298e0,
0x00000255dcb27570, 0x00000255dcb27f90, 0x00000255dcb284a0, 0x00000255dcb28ec0,
0x00000255dcb2a810, 0x00000255dcb289b0, 0x00000255d6197d20, 0x00000255d703a9c0
}

Java Threads: ( => current thread )
  0x00000255d0013da0 JavaThread "Reference Handler" daemon [_thread_blocked, id=23836, stack(0x000000e739900000,0x000000e739a00000)]
  0x00000255d0014870 JavaThread "Finalizer" daemon [_thread_blocked, id=9588, stack(0x000000e739a00000,0x000000e739b00000)]
  0x00000255d002c6d0 JavaThread "Signal Dispatcher" daemon [_thread_blocked, id=9988, stack(0x000000e739b00000,0x000000e739c00000)]
  0x00000255d002cfa0 JavaThread "Attach Listener" daemon [_thread_blocked, id=13096, stack(0x000000e739c00000,0x000000e739d00000)]
  0x00000255d002e880 JavaThread "Service Thread" daemon [_thread_blocked, id=10380, stack(0x000000e739d00000,0x000000e739e00000)]
  0x00000255d0031160 JavaThread "Monitor Deflation Thread" daemon [_thread_blocked, id=31896, stack(0x000000e739e00000,0x000000e739f00000)]
  0x00000255d0034fe0 JavaThread "C1 CompilerThread0" daemon [_thread_blocked, id=27768, stack(0x000000e739f00000,0x000000e73a000000)]
  0x00000255d003ff20 JavaThread "Sweeper thread" daemon [_thread_blocked, id=23500, stack(0x000000e73a000000,0x000000e73a100000)]
  0x00000255d01a0990 JavaThread "Notification Thread" daemon [_thread_blocked, id=32652, stack(0x000000e73a200000,0x000000e73a300000)]
  0x00000255d01b3130 JavaThread "Common-Cleaner" daemon [_thread_blocked, id=34296, stack(0x000000e73a400000,0x000000e73a500000)]
  0x00000255d5478820 JavaThread "RMI TCP Accept-0" daemon [_thread_in_native, id=34496, stack(0x000000e73b000000,0x000000e73b100000)]
  0x00000255d5430f40 JavaThread "RMI TCP Connection(12)-192.168.101.180" daemon [_thread_in_native, id=6536, stack(0x000000e73b100000,0x000000e73b200000)]
  0x00000255d5425380 JavaThread "RMI Scheduler(0)" daemon [_thread_blocked, id=22112, stack(0x000000e73b200000,0x000000e73b300000)]
  0x00000255d54c6f60 JavaThread "JMX server connection timeout 29" daemon [_thread_blocked, id=32016, stack(0x000000e73b300000,0x000000e73b400000)]
  0x00000255d53deec0 JavaThread "PostgreSQL-JDBC-Cleaner" daemon [_thread_blocked, id=15892, stack(0x000000e73ba00000,0x000000e73bb00000)]
  0x00000255d53df3d0 JavaThread "HikariPool-1 housekeeper" daemon [_thread_blocked, id=6520, stack(0x000000e73bb00000,0x000000e73bc00000)]
  0x00000255d53dfdf0 JavaThread "Catalina-utility-1" [_thread_blocked, id=3196, stack(0x000000e73be00000,0x000000e73bf00000)]
  0x00000255d53de9b0 JavaThread "Catalina-utility-2" [_thread_blocked, id=10596, stack(0x000000e73bf00000,0x000000e73c000000)]
  0x00000255d53ddf90 JavaThread "container-0" [_thread_blocked, id=22768, stack(0x000000e73c000000,0x000000e73c100000)]
  0x00000255d53e0d20 JavaThread "HttpClient-1-SelectorManager" daemon [_thread_in_native, id=31832, stack(0x000000e73bc00000,0x000000e73bd00000)]
  0x00000255d53e1230 JavaThread "HttpClient-2-SelectorManager" daemon [_thread_in_native, id=10916, stack(0x000000e73c100000,0x000000e73c200000)]
  0x00000255d53de4a0 JavaThread "HttpClient-3-SelectorManager" daemon [_thread_in_native, id=11784, stack(0x000000e73c200000,0x000000e73c300000)]
  0x00000255dcb27060 JavaThread "http-nio-8009-exec-1" daemon [_thread_blocked, id=34232, stack(0x000000e73c300000,0x000000e73c400000)]
=>0x00000255dcb2a300 JavaThread "http-nio-8009-exec-2" daemon [_thread_in_Java, id=2488, stack(0x000000e73c400000,0x000000e73c500000)]
  0x00000255dcb29df0 JavaThread "http-nio-8009-exec-3" daemon [_thread_blocked, id=27388, stack(0x000000e73c500000,0x000000e73c600000)]
  0x00000255dcb27a80 JavaThread "http-nio-8009-exec-4" daemon [_thread_blocked, id=19796, stack(0x000000e73c600000,0x000000e73c700000)]
  0x00000255dcb293d0 JavaThread "http-nio-8009-exec-5" daemon [_thread_blocked, id=34032, stack(0x000000e73c700000,0x000000e73c800000)]
  0x00000255dcb298e0 JavaThread "http-nio-8009-exec-6" daemon [_thread_blocked, id=28656, stack(0x000000e73c800000,0x000000e73c900000)]
  0x00000255dcb27570 JavaThread "http-nio-8009-exec-7" daemon [_thread_blocked, id=31236, stack(0x000000e73c900000,0x000000e73ca00000)]
  0x00000255dcb27f90 JavaThread "http-nio-8009-exec-8" daemon [_thread_blocked, id=27408, stack(0x000000e73ca00000,0x000000e73cb00000)]
  0x00000255dcb284a0 JavaThread "http-nio-8009-exec-9" daemon [_thread_blocked, id=32900, stack(0x000000e73cb00000,0x000000e73cc00000)]
  0x00000255dcb28ec0 JavaThread "http-nio-8009-exec-10" daemon [_thread_blocked, id=32408, stack(0x000000e73cc00000,0x000000e73cd00000)]
  0x00000255dcb2a810 JavaThread "http-nio-8009-Poller" daemon [_thread_in_native, id=25424, stack(0x000000e73cd00000,0x000000e73ce00000)]
  0x00000255dcb289b0 JavaThread "http-nio-8009-Acceptor" daemon [_thread_in_native, id=26416, stack(0x000000e73ce00000,0x000000e73cf00000)]
  0x00000255d6197d20 JavaThread "DestroyJavaVM" [_thread_blocked, id=25188, stack(0x000000e739200000,0x000000e739300000)]
  0x00000255d703a9c0 JavaThread "C1 CompilerThread1" daemon [_thread_blocked, id=30212, stack(0x000000e738f00000,0x000000e739000000)]

Other Threads:
  0x00000255d000d3d0 VMThread "VM Thread" [stack: 0x000000e739800000,0x000000e739900000] [id=10280]
  0x00000255d01aa050 WatcherThread [stack: 0x000000e73a300000,0x000000e73a400000] [id=34728]
  0x00000255f5b46d50 GCTaskThread "GC Thread#0" [stack: 0x000000e739300000,0x000000e739400000] [id=33068]
  0x00000255d09e0fd0 GCTaskThread "GC Thread#1" [stack: 0x000000e73a500000,0x000000e73a600000] [id=10076]
  0x00000255d09e1290 GCTaskThread "GC Thread#2" [stack: 0x000000e73a600000,0x000000e73a700000] [id=32316]
  0x00000255d09d3020 GCTaskThread "GC Thread#3" [stack: 0x000000e73a700000,0x000000e73a800000] [id=8224]
  0x00000255d09d32e0 GCTaskThread "GC Thread#4" [stack: 0x000000e73a800000,0x000000e73a900000] [id=5152]
  0x00000255d09d35a0 GCTaskThread "GC Thread#5" [stack: 0x000000e73a900000,0x000000e73aa00000] [id=464]
  0x00000255d5398de0 GCTaskThread "GC Thread#6" [stack: 0x000000e73aa00000,0x000000e73ab00000] [id=1300]
  0x00000255d53994b0 GCTaskThread "GC Thread#7" [stack: 0x000000e73ab00000,0x000000e73ac00000] [id=7024]
  0x00000255d5399d80 GCTaskThread "GC Thread#8" [stack: 0x000000e73ac00000,0x000000e73ad00000] [id=9136]
  0x00000255d539a040 GCTaskThread "GC Thread#9" [stack: 0x000000e73ad00000,0x000000e73ae00000] [id=22092]
  0x00000255d539ab10 GCTaskThread "GC Thread#10" [stack: 0x000000e73ae00000,0x000000e73af00000] [id=19948]
  0x00000255d575c370 GCTaskThread "GC Thread#11" [stack: 0x000000e73b400000,0x000000e73b500000] [id=7296]
  0x00000255d575cbb0 GCTaskThread "GC Thread#12" [stack: 0x000000e73b500000,0x000000e73b600000] [id=7548]
  0x00000255f5b58490 ConcurrentGCThread "G1 Main Marker" [stack: 0x000000e739400000,0x000000e739500000] [id=24036]
  0x00000255f5b5a560 ConcurrentGCThread "G1 Conc#0" [stack: 0x000000e739500000,0x000000e739600000] [id=33988]
  0x00000255d575d6b0 ConcurrentGCThread "G1 Conc#1" [stack: 0x000000e73b700000,0x000000e73b800000] [id=27976]
  0x00000255d575d970 ConcurrentGCThread "G1 Conc#2" [stack: 0x000000e73b800000,0x000000e73b900000] [id=33676]
  0x00000255f5b8e820 ConcurrentGCThread "G1 Refine#0" [stack: 0x000000e739600000,0x000000e739700000] [id=3956]
  0x000002558eb4cb50 ConcurrentGCThread "G1 Service" [stack: 0x000000e739700000,0x000000e739800000] [id=23072]

Threads with active compile tasks:

VM state: not at safepoint (normal execution)

VM Mutex/Monitor currently owned by a thread: None

Heap address: 0x0000000703e00000, size: 4034 MB, Compressed Oops mode: Zero based, Oop shift amount: 3

CDS archive(s) mapped at: [0x000002558f000000-0x000002558fbd0000-0x000002558fbd0000), size 12386304, SharedBaseAddress: 0x000002558f000000, ArchiveRelocationMode: 1.
Compressed class space mapped at: 0x0000025590000000-0x00000255d0000000, reserved size: 1073741824
Narrow klass base: 0x000002558f000000, Narrow klass shift: 0, Narrow klass range: 0x100000000

GC Precious Log:
 CPUs: 16 total, 16 available
 Memory: 16131M
 Large Page Support: Disabled
 NUMA Support: Disabled
 Compressed Oops: Enabled (Zero based)
 Heap Region Size: 2M
 Heap Min Capacity: 8M
 Heap Initial Capacity: 254M
 Heap Max Capacity: 4034M
 Pre-touch: Disabled
 Parallel Workers: 13
 Concurrent Workers: 3
 Concurrent Refinement Workers: 13
 Periodic GC: Disabled

Heap:
 garbage-first heap   total 368640K, used 292648K [0x0000000703e00000, 0x0000000800000000)
  region size 2048K, 94 young (192512K), 9 survivors (18432K)
 Metaspace       used 100690K, committed 101568K, reserved 1179648K
  class space    used 13924K, committed 14336K, reserved 1048576K

Heap Regions: E=young(eden), S=young(survivor), O=old, HS=humongous(starts), HC=humongous(continues), CS=collection set, F=free, OA=open archive, CA=closed archive, TAMS=top-at-mark-start (previous, next)
|   0|0x0000000703e00000, 0x0000000704000000, 0x0000000704000000|100%| O|  |TAMS 0x0000000704000000, 0x0000000703e00000| Untracked 
|   1|0x0000000704000000, 0x0000000704200000, 0x0000000704200000|100%| O|  |TAMS 0x0000000704200000, 0x0000000704000000| Untracked 
|   2|0x0000000704200000, 0x0000000704400000, 0x0000000704400000|100%| O|  |TAMS 0x0000000704400000, 0x0000000704200000| Untracked 
|   3|0x0000000704400000, 0x0000000704600000, 0x0000000704600000|100%| O|  |TAMS 0x0000000704600000, 0x0000000704400000| Untracked 
|   4|0x0000000704600000, 0x0000000704800000, 0x0000000704800000|100%| O|  |TAMS 0x0000000704800000, 0x0000000704600000| Untracked 
|   5|0x0000000704800000, 0x0000000704a00000, 0x0000000704a00000|100%| O|  |TAMS 0x0000000704a00000, 0x0000000704800000| Untracked 
|   6|0x0000000704a00000, 0x0000000704c00000, 0x0000000704c00000|100%| O|  |TAMS 0x0000000704c00000, 0x0000000704a00000| Untracked 
|   7|0x0000000704c00000, 0x0000000704e00000, 0x0000000704e00000|100%| O|  |TAMS 0x0000000704e00000, 0x0000000704c00000| Untracked 
|   8|0x0000000704e00000, 0x0000000705000000, 0x0000000705000000|100%| O|  |TAMS 0x0000000705000000, 0x0000000704e00000| Untracked 
|   9|0x0000000705000000, 0x0000000705200000, 0x0000000705200000|100%| O|  |TAMS 0x0000000705200000, 0x0000000705000000| Untracked 
|  10|0x0000000705200000, 0x0000000705400000, 0x0000000705400000|100%| O|  |TAMS 0x0000000705400000, 0x0000000705200000| Untracked 
|  11|0x0000000705400000, 0x0000000705600000, 0x0000000705600000|100%| O|  |TAMS 0x0000000705600000, 0x0000000705400000| Untracked 
|  12|0x0000000705600000, 0x0000000705800000, 0x0000000705800000|100%| O|  |TAMS 0x0000000705800000, 0x0000000705600000| Untracked 
|  13|0x0000000705800000, 0x0000000705a00000, 0x0000000705a00000|100%| O|  |TAMS 0x0000000705a00000, 0x0000000705800000| Untracked 
|  14|0x0000000705a00000, 0x0000000705c00000, 0x0000000705c00000|100%| O|  |TAMS 0x0000000705c00000, 0x0000000705a00000| Untracked 
|  15|0x0000000705c00000, 0x0000000705e00000, 0x0000000705e00000|100%| O|  |TAMS 0x0000000705e00000, 0x0000000705c00000| Untracked 
|  16|0x0000000705e00000, 0x0000000706000000, 0x0000000706000000|100%| O|  |TAMS 0x0000000706000000, 0x0000000705e00000| Untracked 
|  17|0x0000000706000000, 0x0000000706200000, 0x0000000706200000|100%| O|  |TAMS 0x0000000706200000, 0x0000000706000000| Untracked 
|  18|0x0000000706200000, 0x0000000706400000, 0x0000000706400000|100%| O|  |TAMS 0x0000000706400000, 0x0000000706200000| Untracked 
|  19|0x0000000706400000, 0x0000000706600000, 0x0000000706600000|100%| O|  |TAMS 0x0000000706600000, 0x0000000706400000| Untracked 
|  20|0x0000000706600000, 0x0000000706800000, 0x0000000706800000|100%| O|  |TAMS 0x0000000706800000, 0x0000000706600000| Untracked 
|  21|0x0000000706800000, 0x0000000706a00000, 0x0000000706a00000|100%| O|  |TAMS 0x0000000706a00000, 0x0000000706800000| Untracked 
|  22|0x0000000706a00000, 0x0000000706c00000, 0x0000000706c00000|100%| O|  |TAMS 0x0000000706c00000, 0x0000000706a00000| Untracked 
|  23|0x0000000706c00000, 0x0000000706e00000, 0x0000000706e00000|100%| O|  |TAMS 0x0000000706e00000, 0x0000000706c00000| Untracked 
|  24|0x0000000706e00000, 0x0000000706e3ec00, 0x0000000707000000| 12%| O|  |TAMS 0x0000000706e3ec00, 0x0000000706e00000| Untracked 
|  25|0x0000000707000000, 0x0000000707200000, 0x0000000707200000|100%| O|  |TAMS 0x0000000707200000, 0x0000000707000000| Untracked 
|  26|0x0000000707200000, 0x0000000707400000, 0x0000000707400000|100%| O|  |TAMS 0x0000000707400000, 0x0000000707200000| Untracked 
|  27|0x0000000707400000, 0x0000000707600000, 0x0000000707600000|100%| O|  |TAMS 0x0000000707600000, 0x0000000707400000| Untracked 
|  28|0x0000000707600000, 0x0000000707800000, 0x0000000707800000|100%| O|  |TAMS 0x0000000707800000, 0x0000000707600000| Untracked 
|  29|0x0000000707800000, 0x0000000707a00000, 0x0000000707a00000|100%| O|  |TAMS 0x0000000707a00000, 0x0000000707800000| Untracked 
|  30|0x0000000707a00000, 0x0000000707c00000, 0x0000000707c00000|100%| O|  |TAMS 0x0000000707c00000, 0x0000000707a00000| Untracked 
|  31|0x0000000707c00000, 0x0000000707e00000, 0x0000000707e00000|100%| O|  |TAMS 0x0000000707e00000, 0x0000000707c00000| Untracked 
|  32|0x0000000707e00000, 0x0000000708000000, 0x0000000708000000|100%| O|  |TAMS 0x0000000708000000, 0x0000000707e00000| Untracked 
|  33|0x0000000708000000, 0x0000000708200000, 0x0000000708200000|100%| O|  |TAMS 0x0000000708200000, 0x0000000708000000| Untracked 
|  34|0x0000000708200000, 0x0000000708400000, 0x0000000708400000|100%| O|  |TAMS 0x0000000708400000, 0x0000000708200000| Untracked 
|  35|0x0000000708400000, 0x0000000708600000, 0x0000000708600000|100%| O|  |TAMS 0x0000000708517400, 0x0000000708400000| Untracked 
|  36|0x0000000708600000, 0x0000000708800000, 0x0000000708800000|100%| O|  |TAMS 0x0000000708600000, 0x0000000708600000| Untracked 
|  37|0x0000000708800000, 0x0000000708a00000, 0x0000000708a00000|100%| O|  |TAMS 0x0000000708800000, 0x0000000708800000| Untracked 
|  38|0x0000000708a00000, 0x0000000708c00000, 0x0000000708c00000|100%| O|  |TAMS 0x0000000708a00000, 0x0000000708a00000| Untracked 
|  39|0x0000000708c00000, 0x0000000708e00000, 0x0000000708e00000|100%| O|  |TAMS 0x0000000708c00000, 0x0000000708c00000| Untracked 
|  40|0x0000000708e00000, 0x0000000709000000, 0x0000000709000000|100%| O|  |TAMS 0x0000000708e00000, 0x0000000708e00000| Untracked 
|  41|0x0000000709000000, 0x0000000709200000, 0x0000000709200000|100%| O|  |TAMS 0x0000000709000000, 0x0000000709000000| Untracked 
|  42|0x0000000709200000, 0x0000000709400000, 0x0000000709400000|100%| O|  |TAMS 0x0000000709200000, 0x0000000709200000| Untracked 
|  43|0x0000000709400000, 0x0000000709600000, 0x0000000709600000|100%| O|  |TAMS 0x0000000709400000, 0x0000000709400000| Untracked 
|  44|0x0000000709600000, 0x0000000709800000, 0x0000000709800000|100%| O|  |TAMS 0x0000000709600000, 0x0000000709600000| Untracked 
|  45|0x0000000709800000, 0x0000000709a00000, 0x0000000709a00000|100%| O|  |TAMS 0x0000000709800000, 0x0000000709800000| Untracked 
|  46|0x0000000709a00000, 0x0000000709c00000, 0x0000000709c00000|100%| O|  |TAMS 0x0000000709a00000, 0x0000000709a00000| Untracked 
|  47|0x0000000709c00000, 0x0000000709e00000, 0x0000000709e00000|100%| O|  |TAMS 0x0000000709c00000, 0x0000000709c00000| Untracked 
|  48|0x0000000709e00000, 0x000000070a000000, 0x000000070a000000|100%| O|  |TAMS 0x0000000709e00000, 0x0000000709e00000| Untracked 
|  49|0x000000070a000000, 0x000000070a200000, 0x000000070a200000|100%| O|  |TAMS 0x000000070a000000, 0x000000070a000000| Untracked 
|  50|0x000000070a200000, 0x000000070a400000, 0x000000070a400000|100%| O|  |TAMS 0x000000070a200000, 0x000000070a200000| Untracked 
|  51|0x000000070a400000, 0x000000070a4ae800, 0x000000070a600000| 34%| O|  |TAMS 0x000000070a400000, 0x000000070a400000| Untracked 
|  52|0x000000070a600000, 0x000000070a600000, 0x000000070a800000|  0%| F|  |TAMS 0x000000070a600000, 0x000000070a600000| Untracked 
|  53|0x000000070a800000, 0x000000070a800000, 0x000000070aa00000|  0%| F|  |TAMS 0x000000070a800000, 0x000000070a800000| Untracked 
|  54|0x000000070aa00000, 0x000000070aa00000, 0x000000070ac00000|  0%| F|  |TAMS 0x000000070aa00000, 0x000000070aa00000| Untracked 
|  55|0x000000070ac00000, 0x000000070ac00000, 0x000000070ae00000|  0%| F|  |TAMS 0x000000070ac00000, 0x000000070ac00000| Untracked 
|  56|0x000000070ae00000, 0x000000070ae00000, 0x000000070b000000|  0%| F|  |TAMS 0x000000070ae00000, 0x000000070ae00000| Untracked 
|  57|0x000000070b000000, 0x000000070b000000, 0x000000070b200000|  0%| F|  |TAMS 0x000000070b000000, 0x000000070b000000| Untracked 
|  58|0x000000070b200000, 0x000000070b200000, 0x000000070b400000|  0%| F|  |TAMS 0x000000070b200000, 0x000000070b200000| Untracked 
|  59|0x000000070b400000, 0x000000070b400000, 0x000000070b600000|  0%| F|  |TAMS 0x000000070b400000, 0x000000070b400000| Untracked 
|  60|0x000000070b600000, 0x000000070b600000, 0x000000070b800000|  0%| F|  |TAMS 0x000000070b600000, 0x000000070b600000| Untracked 
|  61|0x000000070b800000, 0x000000070b800000, 0x000000070ba00000|  0%| F|  |TAMS 0x000000070b800000, 0x000000070b800000| Untracked 
|  62|0x000000070ba00000, 0x000000070ba00000, 0x000000070bc00000|  0%| F|  |TAMS 0x000000070ba00000, 0x000000070ba00000| Untracked 
|  63|0x000000070bc00000, 0x000000070bc00000, 0x000000070be00000|  0%| F|  |TAMS 0x000000070bc00000, 0x000000070bc00000| Untracked 
|  64|0x000000070be00000, 0x000000070be00000, 0x000000070c000000|  0%| F|  |TAMS 0x000000070be00000, 0x000000070be00000| Untracked 
|  65|0x000000070c000000, 0x000000070c000000, 0x000000070c200000|  0%| F|  |TAMS 0x000000070c000000, 0x000000070c000000| Untracked 
|  66|0x000000070c200000, 0x000000070c200000, 0x000000070c400000|  0%| F|  |TAMS 0x000000070c200000, 0x000000070c200000| Untracked 
|  67|0x000000070c400000, 0x000000070c400000, 0x000000070c600000|  0%| F|  |TAMS 0x000000070c400000, 0x000000070c400000| Untracked 
|  68|0x000000070c600000, 0x000000070c600000, 0x000000070c800000|  0%| F|  |TAMS 0x000000070c600000, 0x000000070c600000| Untracked 
|  69|0x000000070c800000, 0x000000070c800000, 0x000000070ca00000|  0%| F|  |TAMS 0x000000070c800000, 0x000000070c800000| Untracked 
|  70|0x000000070ca00000, 0x000000070ca00000, 0x000000070cc00000|  0%| F|  |TAMS 0x000000070ca00000, 0x000000070ca00000| Untracked 
|  71|0x000000070cc00000, 0x000000070cc00000, 0x000000070ce00000|  0%| F|  |TAMS 0x000000070cc00000, 0x000000070cc00000| Untracked 
|  72|0x000000070ce00000, 0x000000070ce00000, 0x000000070d000000|  0%| F|  |TAMS 0x000000070ce00000, 0x000000070ce00000| Untracked 
|  73|0x000000070d000000, 0x000000070d000000, 0x000000070d200000|  0%| F|  |TAMS 0x000000070d000000, 0x000000070d000000| Untracked 
|  74|0x000000070d200000, 0x000000070d200000, 0x000000070d400000|  0%| F|  |TAMS 0x000000070d200000, 0x000000070d200000| Untracked 
|  75|0x000000070d400000, 0x000000070d4dcf20, 0x000000070d600000| 43%| S|CS|TAMS 0x000000070d400000, 0x000000070d400000| Complete 
|  76|0x000000070d600000, 0x000000070d800000, 0x000000070d800000|100%| S|CS|TAMS 0x000000070d600000, 0x000000070d600000| Complete 
|  77|0x000000070d800000, 0x000000070da00000, 0x000000070da00000|100%| S|CS|TAMS 0x000000070d800000, 0x000000070d800000| Complete 
|  78|0x000000070da00000, 0x000000070dc00000, 0x000000070dc00000|100%| S|CS|TAMS 0x000000070da00000, 0x000000070da00000| Complete 
|  79|0x000000070dc00000, 0x000000070de00000, 0x000000070de00000|100%| S|CS|TAMS 0x000000070dc00000, 0x000000070dc00000| Complete 
|  80|0x000000070de00000, 0x000000070de00000, 0x000000070e000000|  0%| F|  |TAMS 0x000000070de00000, 0x000000070de00000| Untracked 
|  81|0x000000070e000000, 0x000000070e200000, 0x000000070e200000|100%| S|CS|TAMS 0x000000070e000000, 0x000000070e000000| Complete 
|  82|0x000000070e200000, 0x000000070e400000, 0x000000070e400000|100%| S|CS|TAMS 0x000000070e200000, 0x000000070e200000| Complete 
|  83|0x000000070e400000, 0x000000070e600000, 0x000000070e600000|100%| S|CS|TAMS 0x000000070e400000, 0x000000070e400000| Complete 
|  84|0x000000070e600000, 0x000000070e800000, 0x000000070e800000|100%| S|CS|TAMS 0x000000070e600000, 0x000000070e600000| Complete 
|  85|0x000000070e800000, 0x000000070e800000, 0x000000070ea00000|  0%| F|  |TAMS 0x000000070e800000, 0x000000070e800000| Untracked 
|  86|0x000000070ea00000, 0x000000070ea00000, 0x000000070ec00000|  0%| F|  |TAMS 0x000000070ea00000, 0x000000070ea00000| Untracked 
|  87|0x000000070ec00000, 0x000000070ec00000, 0x000000070ee00000|  0%| F|  |TAMS 0x000000070ec00000, 0x000000070ec00000| Untracked 
|  88|0x000000070ee00000, 0x000000070ee00000, 0x000000070f000000|  0%| F|  |TAMS 0x000000070ee00000, 0x000000070ee00000| Untracked 
|  89|0x000000070f000000, 0x000000070f000000, 0x000000070f200000|  0%| F|  |TAMS 0x000000070f000000, 0x000000070f000000| Untracked 
|  90|0x000000070f200000, 0x000000070f200000, 0x000000070f400000|  0%| F|  |TAMS 0x000000070f200000, 0x000000070f200000| Untracked 
|  91|0x000000070f400000, 0x000000070f400000, 0x000000070f600000|  0%| F|  |TAMS 0x000000070f400000, 0x000000070f400000| Untracked 
|  92|0x000000070f600000, 0x000000070f600000, 0x000000070f800000|  0%| F|  |TAMS 0x000000070f600000, 0x000000070f600000| Untracked 
|  93|0x000000070f800000, 0x000000070f800000, 0x000000070fa00000|  0%| F|  |TAMS 0x000000070f800000, 0x000000070f800000| Untracked 
|  94|0x000000070fa00000, 0x000000070fa00000, 0x000000070fc00000|  0%| F|  |TAMS 0x000000070fa00000, 0x000000070fa00000| Untracked 
|  95|0x000000070fc00000, 0x000000070fc87168, 0x000000070fe00000| 26%| E|  |TAMS 0x000000070fc00000, 0x000000070fc00000| Complete 
|  96|0x000000070fe00000, 0x0000000710000000, 0x0000000710000000|100%| E|CS|TAMS 0x000000070fe00000, 0x000000070fe00000| Complete 
|  97|0x0000000710000000, 0x0000000710200000, 0x0000000710200000|100%| E|CS|TAMS 0x0000000710000000, 0x0000000710000000| Complete 
|  98|0x0000000710200000, 0x0000000710400000, 0x0000000710400000|100%| E|CS|TAMS 0x0000000710200000, 0x0000000710200000| Complete 
|  99|0x0000000710400000, 0x0000000710600000, 0x0000000710600000|100%| E|CS|TAMS 0x0000000710400000, 0x0000000710400000| Complete 
| 100|0x0000000710600000, 0x0000000710800000, 0x0000000710800000|100%| E|CS|TAMS 0x0000000710600000, 0x0000000710600000| Complete 
| 101|0x0000000710800000, 0x0000000710a00000, 0x0000000710a00000|100%| E|CS|TAMS 0x0000000710800000, 0x0000000710800000| Complete 
| 102|0x0000000710a00000, 0x0000000710c00000, 0x0000000710c00000|100%| E|CS|TAMS 0x0000000710a00000, 0x0000000710a00000| Complete 
| 103|0x0000000710c00000, 0x0000000710e00000, 0x0000000710e00000|100%| E|CS|TAMS 0x0000000710c00000, 0x0000000710c00000| Complete 
| 104|0x0000000710e00000, 0x0000000711000000, 0x0000000711000000|100%| E|CS|TAMS 0x0000000710e00000, 0x0000000710e00000| Complete 
| 105|0x0000000711000000, 0x0000000711200000, 0x0000000711200000|100%| E|CS|TAMS 0x0000000711000000, 0x0000000711000000| Complete 
| 106|0x0000000711200000, 0x0000000711400000, 0x0000000711400000|100%| E|CS|TAMS 0x0000000711200000, 0x0000000711200000| Complete 
| 107|0x0000000711400000, 0x0000000711600000, 0x0000000711600000|100%| E|CS|TAMS 0x0000000711400000, 0x0000000711400000| Complete 
| 108|0x0000000711600000, 0x0000000711800000, 0x0000000711800000|100%| E|CS|TAMS 0x0000000711600000, 0x0000000711600000| Complete 
| 109|0x0000000711800000, 0x0000000711a00000, 0x0000000711a00000|100%| E|CS|TAMS 0x0000000711800000, 0x0000000711800000| Complete 
| 110|0x0000000711a00000, 0x0000000711c00000, 0x0000000711c00000|100%| E|CS|TAMS 0x0000000711a00000, 0x0000000711a00000| Complete 
| 111|0x0000000711c00000, 0x0000000711e00000, 0x0000000711e00000|100%| E|CS|TAMS 0x0000000711c00000, 0x0000000711c00000| Complete 
| 112|0x0000000711e00000, 0x0000000712000000, 0x0000000712000000|100%| E|CS|TAMS 0x0000000711e00000, 0x0000000711e00000| Complete 
| 113|0x0000000712000000, 0x0000000712200000, 0x0000000712200000|100%| E|CS|TAMS 0x0000000712000000, 0x0000000712000000| Complete 
| 114|0x0000000712200000, 0x0000000712400000, 0x0000000712400000|100%| E|CS|TAMS 0x0000000712200000, 0x0000000712200000| Complete 
| 115|0x0000000712400000, 0x0000000712600000, 0x0000000712600000|100%| E|CS|TAMS 0x0000000712400000, 0x0000000712400000| Complete 
| 116|0x0000000712600000, 0x0000000712800000, 0x0000000712800000|100%| E|CS|TAMS 0x0000000712600000, 0x0000000712600000| Complete 
| 117|0x0000000712800000, 0x0000000712a00000, 0x0000000712a00000|100%| E|CS|TAMS 0x0000000712800000, 0x0000000712800000| Complete 
| 118|0x0000000712a00000, 0x0000000712c00000, 0x0000000712c00000|100%| E|CS|TAMS 0x0000000712a00000, 0x0000000712a00000| Complete 
| 119|0x0000000712c00000, 0x0000000712e00000, 0x0000000712e00000|100%| E|CS|TAMS 0x0000000712c00000, 0x0000000712c00000| Complete 
| 120|0x0000000712e00000, 0x0000000713000000, 0x0000000713000000|100%| E|CS|TAMS 0x0000000712e00000, 0x0000000712e00000| Complete 
| 121|0x0000000713000000, 0x0000000713200000, 0x0000000713200000|100%| E|CS|TAMS 0x0000000713000000, 0x0000000713000000| Complete 
| 122|0x0000000713200000, 0x0000000713400000, 0x0000000713400000|100%| E|CS|TAMS 0x0000000713200000, 0x0000000713200000| Complete 
| 123|0x0000000713400000, 0x0000000713600000, 0x0000000713600000|100%| E|CS|TAMS 0x0000000713400000, 0x0000000713400000| Complete 
| 124|0x0000000713600000, 0x0000000713800000, 0x0000000713800000|100%| E|CS|TAMS 0x0000000713600000, 0x0000000713600000| Complete 
| 125|0x0000000713800000, 0x0000000713a00000, 0x0000000713a00000|100%| E|CS|TAMS 0x0000000713800000, 0x0000000713800000| Complete 
| 126|0x0000000713a00000, 0x0000000713c00000, 0x0000000713c00000|100%| E|CS|TAMS 0x0000000713a00000, 0x0000000713a00000| Complete 
| 127|0x0000000713c00000, 0x0000000713e00000, 0x0000000713e00000|100%| E|CS|TAMS 0x0000000713c00000, 0x0000000713c00000| Complete 
| 128|0x0000000713e00000, 0x0000000714000000, 0x0000000714000000|100%| E|CS|TAMS 0x0000000713e00000, 0x0000000713e00000| Complete 
| 129|0x0000000714000000, 0x0000000714200000, 0x0000000714200000|100%| E|CS|TAMS 0x0000000714000000, 0x0000000714000000| Complete 
| 130|0x0000000714200000, 0x0000000714400000, 0x0000000714400000|100%| E|CS|TAMS 0x0000000714200000, 0x0000000714200000| Complete 
| 131|0x0000000714400000, 0x0000000714600000, 0x0000000714600000|100%| E|CS|TAMS 0x0000000714400000, 0x0000000714400000| Complete 
| 132|0x0000000714600000, 0x0000000714800000, 0x0000000714800000|100%| E|CS|TAMS 0x0000000714600000, 0x0000000714600000| Complete 
| 133|0x0000000714800000, 0x0000000714a00000, 0x0000000714a00000|100%| E|CS|TAMS 0x0000000714800000, 0x0000000714800000| Complete 
| 134|0x0000000714a00000, 0x0000000714c00000, 0x0000000714c00000|100%| E|CS|TAMS 0x0000000714a00000, 0x0000000714a00000| Complete 
| 135|0x0000000714c00000, 0x0000000714e00000, 0x0000000714e00000|100%| E|CS|TAMS 0x0000000714c00000, 0x0000000714c00000| Complete 
| 136|0x0000000714e00000, 0x0000000715000000, 0x0000000715000000|100%| E|CS|TAMS 0x0000000714e00000, 0x0000000714e00000| Complete 
| 137|0x0000000715000000, 0x0000000715200000, 0x0000000715200000|100%| E|CS|TAMS 0x0000000715000000, 0x0000000715000000| Complete 
| 138|0x0000000715200000, 0x0000000715400000, 0x0000000715400000|100%| E|CS|TAMS 0x0000000715200000, 0x0000000715200000| Complete 
| 139|0x0000000715400000, 0x0000000715600000, 0x0000000715600000|100%| E|CS|TAMS 0x0000000715400000, 0x0000000715400000| Complete 
| 140|0x0000000715600000, 0x0000000715800000, 0x0000000715800000|100%| E|CS|TAMS 0x0000000715600000, 0x0000000715600000| Complete 
| 141|0x0000000715800000, 0x0000000715a00000, 0x0000000715a00000|100%| E|CS|TAMS 0x0000000715800000, 0x0000000715800000| Complete 
| 142|0x0000000715a00000, 0x0000000715c00000, 0x0000000715c00000|100%| E|CS|TAMS 0x0000000715a00000, 0x0000000715a00000| Complete 
| 143|0x0000000715c00000, 0x0000000715e00000, 0x0000000715e00000|100%| E|CS|TAMS 0x0000000715c00000, 0x0000000715c00000| Complete 
| 144|0x0000000715e00000, 0x0000000716000000, 0x0000000716000000|100%| E|CS|TAMS 0x0000000715e00000, 0x0000000715e00000| Complete 
| 145|0x0000000716000000, 0x0000000716200000, 0x0000000716200000|100%| E|CS|TAMS 0x0000000716000000, 0x0000000716000000| Complete 
| 146|0x0000000716200000, 0x0000000716400000, 0x0000000716400000|100%| E|CS|TAMS 0x0000000716200000, 0x0000000716200000| Complete 
| 147|0x0000000716400000, 0x0000000716600000, 0x0000000716600000|100%| E|CS|TAMS 0x0000000716400000, 0x0000000716400000| Complete 
| 148|0x0000000716600000, 0x0000000716800000, 0x0000000716800000|100%| E|CS|TAMS 0x0000000716600000, 0x0000000716600000| Complete 
| 149|0x0000000716800000, 0x0000000716a00000, 0x0000000716a00000|100%| E|CS|TAMS 0x0000000716800000, 0x0000000716800000| Complete 
| 150|0x0000000716a00000, 0x0000000716c00000, 0x0000000716c00000|100%| E|CS|TAMS 0x0000000716a00000, 0x0000000716a00000| Complete 
| 151|0x0000000716c00000, 0x0000000716e00000, 0x0000000716e00000|100%| E|CS|TAMS 0x0000000716c00000, 0x0000000716c00000| Complete 
| 152|0x0000000716e00000, 0x0000000717000000, 0x0000000717000000|100%| E|CS|TAMS 0x0000000716e00000, 0x0000000716e00000| Complete 
| 153|0x0000000717000000, 0x0000000717200000, 0x0000000717200000|100%| E|CS|TAMS 0x0000000717000000, 0x0000000717000000| Complete 
| 154|0x0000000717200000, 0x0000000717400000, 0x0000000717400000|100%| E|CS|TAMS 0x0000000717200000, 0x0000000717200000| Complete 
| 155|0x0000000717400000, 0x0000000717600000, 0x0000000717600000|100%| E|CS|TAMS 0x0000000717400000, 0x0000000717400000| Complete 
| 156|0x0000000717600000, 0x0000000717800000, 0x0000000717800000|100%| E|CS|TAMS 0x0000000717600000, 0x0000000717600000| Complete 
| 157|0x0000000717800000, 0x0000000717a00000, 0x0000000717a00000|100%| E|CS|TAMS 0x0000000717800000, 0x0000000717800000| Complete 
| 158|0x0000000717a00000, 0x0000000717c00000, 0x0000000717c00000|100%| E|CS|TAMS 0x0000000717a00000, 0x0000000717a00000| Complete 
| 159|0x0000000717c00000, 0x0000000717e00000, 0x0000000717e00000|100%| E|CS|TAMS 0x0000000717c00000, 0x0000000717c00000| Complete 
| 160|0x0000000717e00000, 0x0000000718000000, 0x0000000718000000|100%| E|CS|TAMS 0x0000000717e00000, 0x0000000717e00000| Complete 
| 161|0x0000000718000000, 0x0000000718200000, 0x0000000718200000|100%| E|CS|TAMS 0x0000000718000000, 0x0000000718000000| Complete 
| 162|0x0000000718200000, 0x0000000718400000, 0x0000000718400000|100%| E|CS|TAMS 0x0000000718200000, 0x0000000718200000| Complete 
| 163|0x0000000718400000, 0x0000000718600000, 0x0000000718600000|100%| E|CS|TAMS 0x0000000718400000, 0x0000000718400000| Complete 
| 164|0x0000000718600000, 0x0000000718800000, 0x0000000718800000|100%| E|CS|TAMS 0x0000000718600000, 0x0000000718600000| Complete 
| 165|0x0000000718800000, 0x0000000718a00000, 0x0000000718a00000|100%| E|CS|TAMS 0x0000000718800000, 0x0000000718800000| Complete 
| 166|0x0000000718a00000, 0x0000000718c00000, 0x0000000718c00000|100%| E|CS|TAMS 0x0000000718a00000, 0x0000000718a00000| Complete 
| 167|0x0000000718c00000, 0x0000000718e00000, 0x0000000718e00000|100%| E|CS|TAMS 0x0000000718c00000, 0x0000000718c00000| Complete 
| 168|0x0000000718e00000, 0x0000000719000000, 0x0000000719000000|100%| E|CS|TAMS 0x0000000718e00000, 0x0000000718e00000| Complete 
| 169|0x0000000719000000, 0x0000000719200000, 0x0000000719200000|100%| E|CS|TAMS 0x0000000719000000, 0x0000000719000000| Complete 
| 170|0x0000000719200000, 0x0000000719400000, 0x0000000719400000|100%| E|CS|TAMS 0x0000000719200000, 0x0000000719200000| Complete 
| 171|0x0000000719400000, 0x0000000719600000, 0x0000000719600000|100%| E|CS|TAMS 0x0000000719400000, 0x0000000719400000| Complete 
| 172|0x0000000719600000, 0x0000000719800000, 0x0000000719800000|100%| E|CS|TAMS 0x0000000719600000, 0x0000000719600000| Complete 
| 173|0x0000000719800000, 0x0000000719a00000, 0x0000000719a00000|100%| E|CS|TAMS 0x0000000719800000, 0x0000000719800000| Complete 
| 174|0x0000000719a00000, 0x0000000719c00000, 0x0000000719c00000|100%| E|CS|TAMS 0x0000000719a00000, 0x0000000719a00000| Complete 
| 175|0x0000000719c00000, 0x0000000719e00000, 0x0000000719e00000|100%| E|CS|TAMS 0x0000000719c00000, 0x0000000719c00000| Complete 
| 176|0x0000000719e00000, 0x000000071a000000, 0x000000071a000000|100%| E|CS|TAMS 0x0000000719e00000, 0x0000000719e00000| Complete 
| 177|0x000000071a000000, 0x000000071a200000, 0x000000071a200000|100%| E|CS|TAMS 0x000000071a000000, 0x000000071a000000| Complete 
| 178|0x000000071a200000, 0x000000071a400000, 0x000000071a400000|100%| E|CS|TAMS 0x000000071a200000, 0x000000071a200000| Complete 
| 179|0x000000071a400000, 0x000000071a600000, 0x000000071a600000|100%| E|CS|TAMS 0x000000071a400000, 0x000000071a400000| Complete 

Card table byte_map: [0x0000025583000000,0x00000255837f0000] _byte_map_base: 0x000002557f7e1000

Marking Bits (Prev, Next): (CMBitMap*) 0x00000255f5b47280, (CMBitMap*) 0x00000255f5b472c0
 Prev Bits: [0x0000025583fe0000, 0x0000025587ee8000)
 Next Bits: [0x0000025587ef0000, 0x000002558bdf8000)

Polling page: 0x00000255f5830000

Metaspace:

Usage:
  Non-class:     84.73 MB used.
      Class:     13.60 MB used.
       Both:     98.33 MB used.

Virtual space:
  Non-class space:      128.00 MB reserved,      85.19 MB ( 67%) committed,  2 nodes.
      Class space:        1.00 GB reserved,      14.00 MB (  1%) committed,  1 nodes.
             Both:        1.12 GB reserved,      99.19 MB (  9%) committed. 

Chunk freelists:
   Non-Class:  10.17 MB
       Class:  2.03 MB
        Both:  12.20 MB

MaxMetaspaceSize: unlimited
CompressedClassSpaceSize: 1.00 GB
Initial GC threshold: 21.00 MB
Current GC threshold: 129.94 MB
CDS: on
MetaspaceReclaimPolicy: balanced
 - commit_granule_bytes: 65536.
 - commit_granule_words: 8192.
 - virtual_space_node_default_size: 8388608.
 - enlarge_chunks_in_place: 1.
 - new_chunks_are_fully_committed: 0.
 - uncommit_free_chunks: 1.
 - use_allocation_guard: 0.
 - handle_deallocations: 1.


Internal statistics:

num_allocs_failed_limit: 12.
num_arena_births: 1386.
num_arena_deaths: 0.
num_vsnodes_births: 3.
num_vsnodes_deaths: 0.
num_space_committed: 1587.
num_space_uncommitted: 0.
num_chunks_returned_to_freelist: 12.
num_chunks_taken_from_freelist: 5331.
num_chunk_merges: 12.
num_chunk_splits: 3675.
num_chunks_enlarged: 2654.
num_inconsistent_stats: 0.

CodeCache: size=49152Kb used=27706Kb max_used=29184Kb free=21445Kb
 bounds [0x0000025580000000, 0x0000025581c90000, 0x0000025583000000]
 total_blobs=16398 nmethods=15669 adapters=652
 compilation: enabled
              stopped_count=0, restarted_count=0
 full_count=0

Compilation events (20 events):
Event: 674.765 Thread 0x00000255d703a9c0 nmethod 15841 0x0000025580681290 code [0x0000025580681420, 0x0000025580681578]
Event: 674.765 Thread 0x00000255d0034fe0 nmethod 15842 0x0000025580680f90 code [0x0000025580681120, 0x0000025580681238]
Event: 674.766 Thread 0x00000255d0034fe0 15843       1       com.fasterxml.jackson.core.json.JsonWriteContext::clearAndGetParent (10 bytes)
Event: 674.766 Thread 0x00000255d0034fe0 nmethod 15843 0x0000025580680c90 code [0x0000025580680e20, 0x0000025580680f18]
Event: 674.767 Thread 0x00000255d0034fe0 15844       1       com.fasterxml.jackson.core.json.JsonReadContext::createChildObjectContext (61 bytes)
Event: 674.767 Thread 0x00000255d0034fe0 nmethod 15844 0x0000025580680690 code [0x0000025580680860, 0x0000025580680b28]
Event: 674.767 Thread 0x00000255d703a9c0 15845       1       com.fasterxml.jackson.core.base.ParserBase::<init> (83 bytes)
Event: 674.767 Thread 0x00000255d0034fe0 15846       1       com.fasterxml.jackson.core.JsonParser::<init> (10 bytes)
Event: 674.767 Thread 0x00000255d0034fe0 nmethod 15846 0x0000025580680390 code [0x0000025580680520, 0x00000255806805f8]
Event: 674.767 Thread 0x00000255d0034fe0 15847       1       com.fasterxml.jackson.core.io.IOContext::constructReadConstrainedTextBuffer (16 bytes)
Event: 674.767 Thread 0x00000255d0034fe0 nmethod 15847 0x000002558067ff90 code [0x0000025580680120, 0x0000025580680318]
Event: 674.767 Thread 0x00000255d0034fe0 15848       1       com.fasterxml.jackson.core.util.ReadConstrainedTextBuffer::<init> (11 bytes)
Event: 674.767 Thread 0x00000255d0034fe0 nmethod 15848 0x000002558067fc10 code [0x000002558067fda0, 0x000002558067ff18]
Event: 674.767 Thread 0x00000255d0034fe0 15851       1       org.springframework.util.LinkedCaseInsensitiveMap::<init> (48 bytes)
Event: 674.767 Thread 0x00000255d703a9c0 nmethod 15845 0x000002558067f390 code [0x000002558067f560, 0x000002558067fa78]
Event: 674.768 Thread 0x00000255d703a9c0 15849       1       com.fasterxml.jackson.core.json.JsonReadContext::createRootContext (14 bytes)
Event: 674.768 Thread 0x00000255d0034fe0 nmethod 15851 0x000002558067eb10 code [0x000002558067ed40, 0x000002558067f1c8]
Event: 674.768 Thread 0x00000255d703a9c0 nmethod 15849 0x000002558067e790 code [0x000002558067e920, 0x000002558067ea88]
Event: 674.768 Thread 0x00000255d703a9c0 15850       1       com.fasterxml.jackson.databind.ObjectMapper::createDeserializationContext (14 bytes)
Event: 674.768 Thread 0x00000255d703a9c0 nmethod 15850 0x000002558067e490 code [0x000002558067e620, 0x000002558067e728]

GC Heap History (20 events):
Event: 13.246 GC heap before
{Heap before GC invocations=23 (full 0):
 garbage-first heap   total 256000K, used 209476K [0x0000000703e00000, 0x0000000800000000)
  region size 2048K, 63 young (129024K), 4 survivors (8192K)
 Metaspace       used 80083K, committed 80704K, reserved 1179648K
  class space    used 11469K, committed 11776K, reserved 1048576K
}
Event: 13.251 GC heap after
{Heap after GC invocations=24 (full 0):
 garbage-first heap   total 256000K, used 90347K [0x0000000703e00000, 0x0000000800000000)
  region size 2048K, 5 young (10240K), 5 survivors (10240K)
 Metaspace       used 80083K, committed 80704K, reserved 1179648K
  class space    used 11469K, committed 11776K, reserved 1048576K
}
Event: 13.498 GC heap before
{Heap before GC invocations=24 (full 0):
 garbage-first heap   total 256000K, used 211179K [0x0000000703e00000, 0x0000000800000000)
  region size 2048K, 64 young (131072K), 5 survivors (10240K)
 Metaspace       used 80245K, committed 80832K, reserved 1179648K
  class space    used 11485K, committed 11776K, reserved 1048576K
}
Event: 13.504 GC heap after
{Heap after GC invocations=25 (full 0):
 garbage-first heap   total 256000K, used 92068K [0x0000000703e00000, 0x0000000800000000)
  region size 2048K, 6 young (12288K), 6 survivors (12288K)
 Metaspace       used 80245K, committed 80832K, reserved 1179648K
  class space    used 11485K, committed 11776K, reserved 1048576K
}
Event: 13.909 GC heap before
{Heap before GC invocations=25 (full 0):
 garbage-first heap   total 256000K, used 212900K [0x0000000703e00000, 0x0000000800000000)
  region size 2048K, 65 young (133120K), 6 survivors (12288K)
 Metaspace       used 83377K, committed 83968K, reserved 1179648K
  class space    used 11823K, committed 12096K, reserved 1048576K
}
Event: 13.916 GC heap after
{Heap after GC invocations=26 (full 0):
 garbage-first heap   total 307200K, used 95305K [0x0000000703e00000, 0x0000000800000000)
  region size 2048K, 5 young (10240K), 5 survivors (10240K)
 Metaspace       used 83377K, committed 83968K, reserved 1179648K
  class space    used 11823K, committed 12096K, reserved 1048576K
}
Event: 14.282 GC heap before
{Heap before GC invocations=26 (full 0):
 garbage-first heap   total 307200K, used 255049K [0x0000000703e00000, 0x0000000800000000)
  region size 2048K, 83 young (169984K), 5 survivors (10240K)
 Metaspace       used 83733K, committed 84416K, reserved 1179648K
  class space    used 11846K, committed 12160K, reserved 1048576K
}
Event: 14.287 GC heap after
{Heap after GC invocations=27 (full 0):
 garbage-first heap   total 307200K, used 97331K [0x0000000703e00000, 0x0000000800000000)
  region size 2048K, 6 young (12288K), 6 survivors (12288K)
 Metaspace       used 83733K, committed 84416K, reserved 1179648K
  class space    used 11846K, committed 12160K, reserved 1048576K
}
Event: 14.639 GC heap before
{Heap before GC invocations=27 (full 0):
 garbage-first heap   total 307200K, used 259123K [0x0000000703e00000, 0x0000000800000000)
  region size 2048K, 85 young (174080K), 6 survivors (12288K)
 Metaspace       used 84280K, committed 84864K, reserved 1179648K
  class space    used 11879K, committed 12160K, reserved 1048576K
}
Event: 14.644 GC heap after
{Heap after GC invocations=28 (full 0):
 garbage-first heap   total 307200K, used 99635K [0x0000000703e00000, 0x0000000800000000)
  region size 2048K, 7 young (14336K), 7 survivors (14336K)
 Metaspace       used 84280K, committed 84864K, reserved 1179648K
  class space    used 11879K, committed 12160K, reserved 1048576K
}
Event: 15.044 GC heap before
{Heap before GC invocations=28 (full 0):
 garbage-first heap   total 307200K, used 259379K [0x0000000703e00000, 0x0000000800000000)
  region size 2048K, 85 young (174080K), 7 survivors (14336K)
 Metaspace       used 84717K, committed 85376K, reserved 1179648K
  class space    used 11913K, committed 12224K, reserved 1048576K
}
Event: 15.052 GC heap after
{Heap after GC invocations=29 (full 0):
 garbage-first heap   total 307200K, used 104397K [0x0000000703e00000, 0x0000000800000000)
  region size 2048K, 8 young (16384K), 8 survivors (16384K)
 Metaspace       used 84717K, committed 85376K, reserved 1179648K
  class space    used 11913K, committed 12224K, reserved 1048576K
}
Event: 15.325 GC heap before
{Heap before GC invocations=29 (full 0):
 garbage-first heap   total 307200K, used 257997K [0x0000000703e00000, 0x0000000800000000)
  region size 2048K, 83 young (169984K), 8 survivors (16384K)
 Metaspace       used 84941K, committed 85568K, reserved 1179648K
  class space    used 11930K, committed 12224K, reserved 1048576K
}
Event: 15.331 GC heap after
{Heap after GC invocations=30 (full 0):
 garbage-first heap   total 368640K, used 106016K [0x0000000703e00000, 0x0000000800000000)
  region size 2048K, 6 young (12288K), 6 survivors (12288K)
 Metaspace       used 84941K, committed 85568K, reserved 1179648K
  class space    used 11930K, committed 12224K, reserved 1048576K
}
Event: 15.816 GC heap before
{Heap before GC invocations=30 (full 0):
 garbage-first heap   total 368640K, used 310816K [0x0000000703e00000, 0x0000000800000000)
  region size 2048K, 106 young (217088K), 6 survivors (12288K)
 Metaspace       used 86006K, committed 86592K, reserved 1179648K
  class space    used 12068K, committed 12352K, reserved 1048576K
}
Event: 15.822 GC heap after
{Heap after GC invocations=31 (full 0):
 garbage-first heap   total 368640K, used 108934K [0x0000000703e00000, 0x0000000800000000)
  region size 2048K, 8 young (16384K), 8 survivors (16384K)
 Metaspace       used 86006K, committed 86592K, reserved 1179648K
  class space    used 12068K, committed 12352K, reserved 1048576K
}
Event: 16.535 GC heap before
{Heap before GC invocations=31 (full 0):
 garbage-first heap   total 368640K, used 311686K [0x0000000703e00000, 0x0000000800000000)
  region size 2048K, 107 young (219136K), 8 survivors (16384K)
 Metaspace       used 87676K, committed 88320K, reserved 1179648K
  class space    used 12173K, committed 12480K, reserved 1048576K
}
Event: 16.544 GC heap after
{Heap after GC invocations=32 (full 0):
 garbage-first heap   total 368640K, used 114800K [0x0000000703e00000, 0x0000000800000000)
  region size 2048K, 10 young (20480K), 10 survivors (20480K)
 Metaspace       used 87676K, committed 88320K, reserved 1179648K
  class space    used 12173K, committed 12480K, reserved 1048576K
}
Event: 17.436 GC heap before
{Heap before GC invocations=32 (full 0):
 garbage-first heap   total 368640K, used 309360K [0x0000000703e00000, 0x0000000800000000)
  region size 2048K, 105 young (215040K), 10 survivors (20480K)
 Metaspace       used 91018K, committed 91712K, reserved 1179648K
  class space    used 12506K, committed 12800K, reserved 1048576K
}
Event: 17.447 GC heap after
{Heap after GC invocations=33 (full 0):
 garbage-first heap   total 368640K, used 120616K [0x0000000703e00000, 0x0000000800000000)
  region size 2048K, 9 young (18432K), 9 survivors (18432K)
 Metaspace       used 91018K, committed 91712K, reserved 1179648K
  class space    used 12506K, committed 12800K, reserved 1048576K
}

Deoptimization events (20 events):
Event: 11.550 Thread 0x00000255d5430f40 DEOPT PACKING pc=0x00000255806fc104 sp=0x000000e73b1feb30
Event: 11.550 Thread 0x00000255d5430f40 DEOPT UNPACKING pc=0x0000025580052b43 sp=0x000000e73b1fe048 mode 0
Event: 11.550 Thread 0x00000255d5430f40 DEOPT PACKING pc=0x00000255802762c4 sp=0x000000e73b1fec00
Event: 11.550 Thread 0x00000255d5430f40 DEOPT UNPACKING pc=0x0000025580052b43 sp=0x000000e73b1fe0e8 mode 0
Event: 11.712 Thread 0x00000255f5ad97a0 DEOPT PACKING pc=0x00000255805111d4 sp=0x000000e7392fb130
Event: 11.712 Thread 0x00000255f5ad97a0 DEOPT UNPACKING pc=0x0000025580052b43 sp=0x000000e7392fa688 mode 0
Event: 12.238 Thread 0x00000255f5ad97a0 DEOPT PACKING pc=0x0000025580522bd2 sp=0x000000e7392fb410
Event: 12.238 Thread 0x00000255f5ad97a0 DEOPT UNPACKING pc=0x0000025580052b43 sp=0x000000e7392fa918 mode 3
Event: 12.238 Thread 0x00000255f5ad97a0 DEOPT PACKING pc=0x000002558051a84d sp=0x000000e7392fb3d0
Event: 12.238 Thread 0x00000255f5ad97a0 DEOPT UNPACKING pc=0x0000025580052b43 sp=0x000000e7392fa918 mode 3
Event: 17.431 Thread 0x00000255f5ad97a0 DEOPT PACKING pc=0x000002558070574c sp=0x000000e7392fa9f0
Event: 17.431 Thread 0x00000255f5ad97a0 DEOPT UNPACKING pc=0x0000025580052b43 sp=0x000000e7392f9df0 mode 0
Event: 17.451 Thread 0x00000255f5ad97a0 DEOPT PACKING pc=0x00000255816ccee4 sp=0x000000e7392faf60
Event: 17.451 Thread 0x00000255f5ad97a0 DEOPT UNPACKING pc=0x0000025580052b43 sp=0x000000e7392fa618 mode 0
Event: 17.460 Thread 0x00000255f5ad97a0 DEOPT PACKING pc=0x00000255816cdacc sp=0x000000e7392fc870
Event: 17.460 Thread 0x00000255f5ad97a0 DEOPT UNPACKING pc=0x0000025580052b43 sp=0x000000e7392fbe48 mode 0
Event: 17.514 Thread 0x00000255f5ad97a0 DEOPT PACKING pc=0x00000255816cdacc sp=0x000000e7392fdf00
Event: 17.514 Thread 0x00000255f5ad97a0 DEOPT UNPACKING pc=0x0000025580052b43 sp=0x000000e7392fd4d8 mode 0
Event: 398.358 Thread 0x00000255dcb27a80 DEOPT PACKING pc=0x000002558075af5c sp=0x000000e73c6fa870
Event: 398.358 Thread 0x00000255dcb27a80 DEOPT UNPACKING pc=0x0000025580052b43 sp=0x000000e73c6f9d30 mode 0

Classes unloaded (0 events):
No events

Classes redefined (0 events):
No events

Internal exceptions (20 events):
Event: 16.603 Thread 0x00000255d5430f40 Exception <a 'java/lang/ClassNotFoundException'{0x000000071938b9d0}: org/springframework/context/support/LiveBeansView> (0x000000071938b9d0) 
thrown [s\open\src\hotspot\share\classfile\systemDictionary.cpp, line 256]
Event: 16.603 Thread 0x00000255d5430f40 Exception <a 'java/lang/ClassNotFoundException'{0x000000071938bd88}: org/springframework/boot/actuate/endpoint/jmx/EndpointMBean> (0x000000071938bd88) 
thrown [s\open\src\hotspot\share\classfile\systemDictionary.cpp, line 256]
Event: 16.603 Thread 0x00000255d5430f40 Exception <a 'java/lang/ClassNotFoundException'{0x000000071938c140}: org/springframework/boot/actuate/endpoint/jmx/DataEndpointMBean> (0x000000071938c140) 
thrown [s\open\src\hotspot\share\classfile\systemDictionary.cpp, line 256]
Event: 16.603 Thread 0x00000255d5430f40 Exception <a 'java/lang/ClassNotFoundException'{0x000000071938c4f0}: org/springframework/context/support/LiveBeansView> (0x000000071938c4f0) 
thrown [s\open\src\hotspot\share\classfile\systemDictionary.cpp, line 256]
Event: 16.709 Thread 0x00000255f5ad97a0 Exception <a 'sun/nio/fs/WindowsException'{0x0000000717fe7408}> (0x0000000717fe7408) 
thrown [s\open\src\hotspot\share\prims\jni.cpp, line 516]
Event: 17.076 Thread 0x00000255f5ad97a0 Exception <a 'sun/nio/fs/WindowsException'{0x00000007129fdb60}> (0x00000007129fdb60) 
thrown [s\open\src\hotspot\share\prims\jni.cpp, line 516]
Event: 17.729 Thread 0x00000255f5ad97a0 Exception <a 'java/lang/IncompatibleClassChangeError'{0x00000007187c06c8}: Found class java.lang.Object, but interface was expected> (0x00000007187c06c8) 
thrown [s\open\src\hotspot\share\interpreter\linkResolver.cpp, line 826]
Event: 17.847 Thread 0x00000255f5ad97a0 Exception <a 'java/lang/NoSuchMethodError'{0x0000000717470f48}: 'java.lang.Object java.lang.invoke.DirectMethodHandle$Holder.invokeInterface(java.lang.Object, java.lang.Object, java.lang.Object, java.lang.Object)'> (0x0000000717470f48) 
thrown [s\open\src\hotspot\share\interpreter\linkResolver.cpp, line 759]
Event: 17.890 Thread 0x00000255f5ad97a0 Exception <a 'java/lang/NoSuchMethodError'{0x000000071709d818}: 'void java.lang.invoke.DirectMethodHandle$Holder.invokeVirtual(java.lang.Object, java.lang.Object, long)'> (0x000000071709d818) 
thrown [s\open\src\hotspot\share\interpreter\linkResolver.cpp, line 759]
Event: 18.037 Thread 0x00000255f5ad97a0 Exception <a 'java/lang/IncompatibleClassChangeError'{0x00000007162203b0}: Found class java.lang.Object, but interface was expected> (0x00000007162203b0) 
thrown [s\open\src\hotspot\share\interpreter\linkResolver.cpp, line 826]
Event: 18.111 Thread 0x00000255f5ad97a0 Exception <a 'java/lang/NoSuchMethodError'{0x0000000715d51fa8}: 'java.lang.Object java.lang.invoke.DirectMethodHandle$Holder.newInvokeSpecial(java.lang.Object, java.lang.Object, int, java.lang.Object, java.lang.Object)'> (0x0000000715d51fa8) 
thrown [s\open\src\hotspot\share\interpreter\linkResolver.cpp, line 759]
Event: 18.111 Thread 0x00000255f5ad97a0 Exception <a 'java/lang/NoSuchMethodError'{0x0000000715d5d528}: 'java.lang.Object java.lang.invoke.DirectMethodHandle$Holder.invokeSpecial(java.lang.Object, java.lang.Object, int, java.lang.Object, int, java.lang.Object)'> (0x0000000715d5d528) 
thrown [s\open\src\hotspot\share\interpreter\linkResolver.cpp, line 759]
Event: 18.112 Thread 0x00000255f5ad97a0 Exception <a 'java/lang/NoSuchMethodError'{0x0000000715d65330}: 'java.lang.Object java.lang.invoke.DirectMethodHandle$Holder.newInvokeSpecial(java.lang.Object, java.lang.Object, int, java.lang.Object, int)'> (0x0000000715d65330) 
thrown [s\open\src\hotspot\share\interpreter\linkResolver.cpp, line 759]
Event: 18.112 Thread 0x00000255f5ad97a0 Exception <a 'java/lang/NoSuchMethodError'{0x0000000715d69430}: 'java.lang.Object java.lang.invoke.DirectMethodHandle$Holder.invokeSpecial(java.lang.Object, java.lang.Object, java.lang.Object, int, java.lang.Object, int)'> (0x0000000715d69430) 
thrown [s\open\src\hotspot\share\interpreter\linkResolver.cpp, line 759]
Event: 393.425 Thread 0x00000255dcb27060 Exception <a 'java/lang/NoSuchMethodError'{0x0000000715105190}: 'java.lang.Object java.lang.invoke.DirectMethodHandle$Holder.invokeSpecial(java.lang.Object, java.lang.Object, java.lang.Object, java.lang.Object, java.lang.Object, long)'> (0x0000000715105190) 
thrown [s\open\src\hotspot\share\interpreter\linkResolver.cpp, line 759]
Event: 393.425 Thread 0x00000255dcb27060 Exception <a 'java/lang/NoSuchMethodError'{0x0000000715108bd0}: 'java.lang.Object java.lang.invoke.Invokers$Holder.linkToTargetMethod(java.lang.Object, java.lang.Object, java.lang.Object, long, java.lang.Object)'> (0x0000000715108bd0) 
thrown [s\open\src\hotspot\share\interpreter\linkResolver.cpp, line 759]
Event: 397.578 Thread 0x00000255dcb27a80 Exception <a 'java/lang/NoSuchMethodError'{0x000000071461f508}: 'void java.lang.invoke.DirectMethodHandle$Holder.invokeSpecialIFC(java.lang.Object, java.lang.Object, int, java.lang.Object, java.lang.Object, java.lang.Object, java.lang.Object)'> (0x000000071461f508) 
thrown [s\open\src\hotspot\share\interpreter\linkResolver.cpp, line 759]
Event: 397.650 Thread 0x00000255dcb27a80 Exception <a 'java/lang/IncompatibleClassChangeError'{0x00000007145b33f8}: Found class java.lang.Object, but interface was expected> (0x00000007145b33f8) 
thrown [s\open\src\hotspot\share\interpreter\linkResolver.cpp, line 826]
Event: 398.266 Thread 0x00000255dcb2a300 Exception <a 'java/lang/IncompatibleClassChangeError'{0x0000000712fee830}: Found class java.lang.Object, but interface was expected> (0x0000000712fee830) 
thrown [s\open\src\hotspot\share\interpreter\linkResolver.cpp, line 826]
Event: 398.297 Thread 0x00000255dcb27a80 Exception <a 'java/lang/NoSuchMethodError'{0x0000000712a76200}: 'java.lang.Object java.lang.invoke.DirectMethodHandle$Holder.newInvokeSpecial(java.lang.Object, long)'> (0x0000000712a76200) 
thrown [s\open\src\hotspot\share\interpreter\linkResolver.cpp, line 759]

VM Operations (20 events):
Event: 428.658 Executing VM operation: Cleanup
Event: 428.659 Executing VM operation: Cleanup done
Event: 443.823 Executing VM operation: Cleanup
Event: 443.823 Executing VM operation: Cleanup done
Event: 444.835 Executing VM operation: Cleanup
Event: 444.836 Executing VM operation: Cleanup done
Event: 447.862 Executing VM operation: Cleanup
Event: 447.862 Executing VM operation: Cleanup done
Event: 449.884 Executing VM operation: Cleanup
Event: 449.884 Executing VM operation: Cleanup done
Event: 480.738 Executing VM operation: HandshakeAllThreads
Event: 480.738 Executing VM operation: HandshakeAllThreads done
Event: 483.774 Executing VM operation: Cleanup
Event: 483.774 Executing VM operation: Cleanup done
Event: 484.788 Executing VM operation: Cleanup
Event: 484.788 Executing VM operation: Cleanup done
Event: 540.824 Executing VM operation: HandshakeAllThreads
Event: 540.824 Executing VM operation: HandshakeAllThreads done
Event: 663.048 Executing VM operation: Cleanup
Event: 663.048 Executing VM operation: Cleanup done

Events (20 events):
Event: 422.799 Thread 0x00000255d7039480 Thread exited: 0x00000255d7039480
Event: 422.799 Thread 0x00000255d7038490 Thread exited: 0x00000255d7038490
Event: 422.808 Thread 0x00000255d70399d0 Thread added: 0x00000255d70399d0
Event: 422.808 Thread 0x00000255d7038490 Thread added: 0x00000255d7038490
Event: 422.824 Thread 0x00000255d7039480 Thread added: 0x00000255d7039480
Event: 422.824 Thread 0x00000255d7038f30 Thread added: 0x00000255d7038f30
Event: 426.496 Thread 0x00000255d7038f30 Thread exited: 0x00000255d7038f30
Event: 427.524 Thread 0x00000255d7039480 Thread exited: 0x00000255d7039480
Event: 432.537 Thread 0x00000255d7038490 Thread exited: 0x00000255d7038490
Event: 432.537 Thread 0x00000255d70399d0 Thread exited: 0x00000255d70399d0
Event: 437.548 Thread 0x00000255d7039f20 Thread exited: 0x00000255d7039f20
Event: 444.593 Thread 0x00000255d7038490 Thread added: 0x00000255d7038490
Event: 444.593 Thread 0x00000255d703af10 Thread added: 0x00000255d703af10
Event: 444.595 Thread 0x00000255d7038f30 Thread added: 0x00000255d7038f30
Event: 447.264 Thread 0x00000255d703af10 Thread exited: 0x00000255d703af10
Event: 447.264 Thread 0x00000255d7038f30 Thread exited: 0x00000255d7038f30
Event: 449.255 Thread 0x00000255d7038490 Thread exited: 0x00000255d7038490
Event: 449.256 Thread 0x00000255d703a9c0 Thread added: 0x00000255d703a9c0
Event: 454.272 Thread 0x00000255d703a9c0 Thread exited: 0x00000255d703a9c0
Event: 674.661 Thread 0x00000255d703a9c0 Thread added: 0x00000255d703a9c0


Dynamic libraries:
0x00007ff755ca0000 - 0x00007ff755cb0000 	C:\Program Files\Java\jdk-17\bin\java.exe
0x00007ffa9dbe0000 - 0x00007ffa9de47000 	C:\WINDOWS\SYSTEM32\ntdll.dll
0x00007ffa9c690000 - 0x00007ffa9c75b000 	C:\WINDOWS\System32\KERNEL32.DLL
0x00007ffa9b120000 - 0x00007ffa9b522000 	C:\WINDOWS\System32\KERNELBASE.dll
0x00007ffa9aee0000 - 0x00007ffa9b02c000 	C:\WINDOWS\System32\ucrtbase.dll
0x00007ffa33380000 - 0x00007ffa3339b000 	C:\Program Files\Java\jdk-17\bin\VCRUNTIME140.dll
0x00007ffa33620000 - 0x00007ffa33639000 	C:\Program Files\Java\jdk-17\bin\jli.dll
0x00007ffa9c910000 - 0x00007ffa9c9cc000 	C:\WINDOWS\System32\ADVAPI32.dll
0x00007ffa9ba10000 - 0x00007ffa9bab9000 	C:\WINDOWS\System32\msvcrt.dll
0x00007ffa9b960000 - 0x00007ffa9ba09000 	C:\WINDOWS\System32\sechost.dll
0x00007ffa9c760000 - 0x00007ffa9c878000 	C:\WINDOWS\System32\RPCRT4.dll
0x00007ffa9ca50000 - 0x00007ffa9cc1f000 	C:\WINDOWS\System32\USER32.dll
0x00007ffa886d0000 - 0x00007ffa88960000 	C:\WINDOWS\WinSxS\amd64_microsoft.windows.common-controls_6595b64144ccf1df_6.0.26100.9278_none_3e0d1ba8e3303201\COMCTL32.dll
0x00007ffa9b0f0000 - 0x00007ffa9b117000 	C:\WINDOWS\System32\win32u.dll
0x00007ffa9c550000 - 0x00007ffa9c57b000 	C:\WINDOWS\System32\GDI32.dll
0x00007ffa9adb0000 - 0x00007ffa9aed9000 	C:\WINDOWS\System32\gdi32full.dll
0x00007ffa9b040000 - 0x00007ffa9b0e3000 	C:\WINDOWS\System32\msvcp_win.dll
0x00007ffa94f20000 - 0x00007ffa94f2b000 	C:\WINDOWS\SYSTEM32\VERSION.dll
0x00007ffa9bcf0000 - 0x00007ffa9bd21000 	C:\WINDOWS\System32\IMM32.DLL
0x00007ffa85c60000 - 0x00007ffa85c6c000 	C:\Program Files\Java\jdk-17\bin\vcruntime140_1.dll
0x00007ffa240e0000 - 0x00007ffa2416e000 	C:\Program Files\Java\jdk-17\bin\msvcp140.dll
0x00007ff9e7b50000 - 0x00007ff9e8730000 	C:\Program Files\Java\jdk-17\bin\server\jvm.dll
0x00007ffa9db60000 - 0x00007ffa9db68000 	C:\WINDOWS\System32\PSAPI.DLL
0x00007ffa889b0000 - 0x00007ffa889e6000 	C:\WINDOWS\SYSTEM32\WINMM.dll
0x00007ffa89110000 - 0x00007ffa8911a000 	C:\WINDOWS\SYSTEM32\WSOCK32.dll
0x00007ffa9b8d0000 - 0x00007ffa9b950000 	C:\WINDOWS\System32\WS2_32.dll
0x00007ffa99a40000 - 0x00007ffa99a5b000 	C:\WINDOWS\SYSTEM32\kernel.appcore.dll
0x00007ffa7a7f0000 - 0x00007ffa7a7fa000 	C:\Program Files\Java\jdk-17\bin\jimage.dll
0x00007ffa88bd0000 - 0x00007ffa88e1c000 	C:\WINDOWS\SYSTEM32\DBGHELP.DLL
0x00007ffa9bd30000 - 0x00007ffa9c0b5000 	C:\WINDOWS\System32\combase.dll
0x00007ffa9c440000 - 0x00007ffa9c519000 	C:\WINDOWS\System32\OLEAUT32.dll
0x00007ffa77af0000 - 0x00007ffa77b2b000 	C:\WINDOWS\SYSTEM32\dbgcore.DLL
0x00007ffa9b530000 - 0x00007ffa9b5dc000 	C:\WINDOWS\System32\bcryptPrimitives.dll
0x00007ffa2ee00000 - 0x00007ffa2ee25000 	C:\Program Files\Java\jdk-17\bin\java.dll
0x00007ffa1f900000 - 0x00007ffa1f9d7000 	C:\Program Files\Java\jdk-17\bin\jsvml.dll
0x00007ffa9cd90000 - 0x00007ffa9d528000 	C:\WINDOWS\System32\SHELL32.dll
0x00007ffa987f0000 - 0x00007ffa9909e000 	C:\WINDOWS\SYSTEM32\windows.storage.dll
0x00007ffa9d530000 - 0x00007ffa9d62b000 	C:\WINDOWS\System32\SHCORE.dll
0x00007ffa9c9e0000 - 0x00007ffa9ca46000 	C:\WINDOWS\System32\shlwapi.dll
0x00007ffa9acd0000 - 0x00007ffa9acf9000 	C:\WINDOWS\SYSTEM32\profapi.dll
0x00007ffa311a0000 - 0x00007ffa311b9000 	C:\Program Files\Java\jdk-17\bin\net.dll
0x00007ffa94330000 - 0x00007ffa9445a000 	C:\WINDOWS\SYSTEM32\WINHTTP.dll
0x00007ffa99fe0000 - 0x00007ffa9a04c000 	C:\WINDOWS\system32\mswsock.dll
0x00007ffa2fb60000 - 0x00007ffa2fb76000 	C:\Program Files\Java\jdk-17\bin\nio.dll
0x00007ffa2fa10000 - 0x00007ffa2fa28000 	C:\Program Files\Java\jdk-17\bin\zip.dll
0x00007ffa99480000 - 0x00007ffa995d8000 	C:\WINDOWS\SYSTEM32\DNSAPI.dll
0x00007ffa99e00000 - 0x00007ffa99e0d000 	C:\WINDOWS\SYSTEM32\DSPARSE.dll
0x00007ffa993f0000 - 0x00007ffa99423000 	C:\WINDOWS\SYSTEM32\IPHLPAPI.DLL
0x00007ffa9c600000 - 0x00007ffa9c60a000 	C:\WINDOWS\System32\NSI.dll
0x00007ffa94b50000 - 0x00007ffa94b5b000 	C:\Windows\System32\rasadhlp.dll
0x00007ffa92c10000 - 0x00007ffa92c96000 	C:\WINDOWS\System32\fwpuclnt.dll
0x00007ffa7a470000 - 0x00007ffa7a47a000 	C:\Program Files\Java\jdk-17\bin\management.dll
0x00007ffa7a160000 - 0x00007ffa7a16b000 	C:\Program Files\Java\jdk-17\bin\management_ext.dll
0x00007ffa9a400000 - 0x00007ffa9a41b000 	C:\WINDOWS\SYSTEM32\CRYPTSP.dll
0x00007ffa999a0000 - 0x00007ffa999d9000 	C:\WINDOWS\system32\rsaenh.dll
0x00007ffa9a090000 - 0x00007ffa9a0c4000 	C:\WINDOWS\SYSTEM32\USERENV.dll
0x00007ffa9aca0000 - 0x00007ffa9acca000 	C:\WINDOWS\SYSTEM32\bcrypt.dll
0x00007ffa9a240000 - 0x00007ffa9a24c000 	C:\WINDOWS\SYSTEM32\CRYPTBASE.dll
0x00007ffa94300000 - 0x00007ffa9431d000 	C:\WINDOWS\SYSTEM32\dhcpcsvc6.DLL
0x00007ffa942d0000 - 0x00007ffa942f5000 	C:\WINDOWS\SYSTEM32\dhcpcsvc.DLL
0x00007ffa77a30000 - 0x00007ffa77a48000 	C:\WINDOWS\system32\napinsp.dll
0x00007ffa72720000 - 0x00007ffa72733000 	C:\WINDOWS\System32\winrnr.dll
0x00007ffa8ae10000 - 0x00007ffa8ae37000 	C:\WINDOWS\system32\nlansp_c.dll
0x00007ffa85cf0000 - 0x00007ffa85d06000 	C:\WINDOWS\system32\wshbth.dll
0x00007ffa967e0000 - 0x00007ffa967ee000 	C:\Program Files\Java\jdk-17\bin\sunmscapi.dll
0x00007ffa9b740000 - 0x00007ffa9b8be000 	C:\WINDOWS\System32\CRYPT32.dll
0x00007ffa9a570000 - 0x00007ffa9a5a0000 	C:\WINDOWS\SYSTEM32\ncrypt.dll
0x00007ffa9a520000 - 0x00007ffa9a55f000 	C:\WINDOWS\SYSTEM32\NTASN1.dll
0x00007ffa7a540000 - 0x00007ffa7a550000 	C:\Program Files\Java\jdk-17\bin\verify.dll
0x00007ffa54f80000 - 0x00007ffa54f88000 	C:\WINDOWS\system32\wshunix.dll

dbghelp: loaded successfully - version: 4.0.5 - missing functions: none
symbol engine: initialized successfully - sym options: 0x614 - pdb path: .;C:\Program Files\Java\jdk-17\bin;C:\WINDOWS\SYSTEM32;C:\WINDOWS\WinSxS\amd64_microsoft.windows.common-controls_6595b64144ccf1df_6.0.26100.9278_none_3e0d1ba8e3303201;C:\Program Files\Java\jdk-17\bin\server

VM Arguments:
jvm_args: -XX:TieredStopAtLevel=1 
java_command: com.PointVenteApplication
java_class_path (initial): C:\Users\User-sophatel\Desktop\tech-ext\srck\stock-manager\target\classes;C:\Users\User-sophatel\.m2\repository\org\springframework\boot\spring-boot\3.2.2\spring-boot-3.2.2.jar;C:\Users\User-sophatel\.m2\repository\org\springframework\boot\spring-boot-autoconfigure\3.2.2\spring-boot-autoconfigure-3.2.2.jar;C:\Users\User-sophatel\.m2\repository\ch\qos\logback\logback-classic\1.4.14\logback-classic-1.4.14.jar;C:\Users\User-sophatel\.m2\repository\ch\qos\logback\logback-core\1.4.14\logback-core-1.4.14.jar;C:\Users\User-sophatel\.m2\repository\org\apache\logging\log4j\log4j-to-slf4j\2.21.1\log4j-to-slf4j-2.21.1.jar;C:\Users\User-sophatel\.m2\repository\org\slf4j\jul-to-slf4j\2.0.11\jul-to-slf4j-2.0.11.jar;C:\Users\User-sophatel\.m2\repository\jakarta\annotation\jakarta.annotation-api\2.1.1\jakarta.annotation-api-2.1.1.jar;C:\Users\User-sophatel\.m2\repository\com\fasterxml\jackson\datatype\jackson-datatype-jdk8\2.15.3\jackson-datatype-jdk8-2.15.3.jar;C:\Users\User-sophatel\.m2\repository\com\fasterxml\jackson\datatype\jackson-datatype-jsr310\2.15.3\jackson-datatype-jsr310-2.15.3.jar;C:\Users\User-sophatel\.m2\repository\com\fasterxml\jackson\module\jackson-module-parameter-names\2.15.3\jackson-module-parameter-names-2.15.3.jar;C:\Users\User-sophatel\.m2\repository\org\apache\tomcat\embed\tomcat-embed-core\10.1.18\tomcat-embed-core-10.1.18.jar;C:\Users\User-sophatel\.m2\repository\org\apache\tomcat\embed\tomcat-embed-websocket\10.1.18\tomcat-embed-websocket-10.1.18.jar;C:\Users\User-sophatel\.m2\repository\org\springframework\spring-web\6.1.3\spring-web-6.1.3.jar;C:\Users\User-sophatel\.m2\repository\org\springframework\spring-beans\6.1.3\spring-beans-6.1.3.jar;C:\Users\User-sophatel\.m2\repository\io\micrometer\micrometer-observation\1.12.2\micrometer-observation-1.12.2.jar;C:\Users\User-sophatel\.m2\repository\io\micrometer\micrometer-commons\1.12.2\micrometer-commons-1.12.2.jar;C:\Users\User-sophatel\.m2\repository\org\springframework\spri
Launcher Type: SUN_STANDARD

[Global flags]
     intx CICompilerCount                          = 12                                        {product} {ergonomic}
     uint ConcGCThreads                            = 3                                         {product} {ergonomic}
     uint G1ConcRefinementThreads                  = 13                                        {product} {ergonomic}
   size_t G1HeapRegionSize                         = 2097152                                   {product} {ergonomic}
    uintx GCDrainStackTargetSize                   = 64                                        {product} {ergonomic}
   size_t InitialHeapSize                          = 266338304                                 {product} {ergonomic}
   size_t MarkStackSize                            = 4194304                                   {product} {ergonomic}
   size_t MaxHeapSize                              = 4229955584                                {product} {ergonomic}
   size_t MaxNewSize                               = 2537553920                                {product} {ergonomic}
   size_t MinHeapDeltaBytes                        = 2097152                                   {product} {ergonomic}
   size_t MinHeapSize                              = 8388608                                   {product} {ergonomic}
    uintx NonProfiledCodeHeapSize                  = 0                                      {pd product} {ergonomic}
     bool ProfileInterpreter                       = false                                  {pd product} {command line}
    uintx ProfiledCodeHeapSize                     = 0                                      {pd product} {ergonomic}
   size_t SoftMaxHeapSize                          = 4229955584                             {manageable} {ergonomic}
     intx TieredStopAtLevel                        = 1                                         {product} {command line}
     bool UseCompressedClassPointers               = true                           {product lp64_product} {ergonomic}
     bool UseCompressedOops                        = true                           {product lp64_product} {ergonomic}
     bool UseG1GC                                  = true                                      {product} {ergonomic}
     bool UseLargePagesIndividualAllocation        = false                                  {pd product} {ergonomic}

Logging:
Log output configuration:
 #0: stdout all=warning uptime,level,tags
 #1: stderr all=off uptime,level,tags

Environment Variables:
JAVA_HOME=C:\Program Files\Java\jdk-17
PATH=C:\Program Files\PowerShell\7;C:\Program Files\Java\jdk-17\bin;C:\Program Files\ibm\gsk8\lib64;C:\Program Files\ibm\gsk8\bin;C:\Program Files\Informix.14.10.FC11W1\bin;C:\Users\User-sophatel\AppData\Local\Programs\Python\Python313;C:\Users\User-sophatel\AppData\Local\Programs\Python\Python313\Scripts;C:\Program Files\Java\jdk1.8.0_202\bin;C:\WINDOWS\system32;C:\WINDOWS;C:\WINDOWS\System32\Wbem;C:\WINDOWS\System32\WindowsPowerShell\v1.0;C:\Users\User-sophatel\AppData\Roaming\nvm;C:\Program Files\nodejs;C:\WINDOWS\System32\OpenSSH;C:\ProgramData\chocolatey\bin;C:\Program Files\PuTTY;C:\Users\User-sophatel\Downloads\apache-maven-3.9.6-bin\apache-maven-3.9.6\bin;C:\Program Files\Git\cmd;C:\Program Files\PowerShell\7;C:\Program Files\starship\bin;C:\Users\User-sophatel\AppData\Local\Programs\Python\Python313\Scripts;C:\Users\User-sophatel\AppData\Local\Microsoft\WindowsApps;C:\Program Files\JetBrains\IntelliJ IDEA 2021.2.4\bin;C:\Users\User-sophatel\AppData\Local\Programs\Microsoft VS Code;C:\Program Files\WinMerge;C:\WINDOWS\system32;C:\WINDOWS;C:\WINDOWS\System32\Wbem;C:\WINDOWS\System32\WindowsPowerShell\v1.0\;C:\WINDOWS\System32\OpenSSH\;C:\Program Files\PostgreSQL\13\bin;C:\Program Files (x86)\Pulumi\;C:\Program Files\WSL\;C:\Program Files\Java\jdk1.8.0_202\bin;C:\WINDOWS\system32;C:\WINDOWS;C:\WINDOWS\System32\Wbem;C:\WINDOWS\System32\WindowsPowerShell\v1.0;C:\Users\User-sophatel\AppData\Roaming\nvm;C:\Program Files\nodejs;C:\WINDOWS\System32\OpenSSH;C:\ProgramData\chocolatey\bin;C:\Program Files\PuTTY;C:\Users\User-sophatel\Downloads\apache-maven-3.9.6-bin\apache-maven-3.9.6\bin;C:\Program Files\Git\cmd;C:\Program Files\PowerShell\7;C:\Program Files\starship\bin;C:\Users\User-sophatel\AppData\Local\Programs\Python\Python313;C:\Users\User-sophatel\AppData\Local\Microsoft\WindowsApps;C:\Program Files\JetBrains\IntelliJ IDEA 2021.2.4\bin;C:\Users\User-sophatel\AppData\Local\Programs\Microsoft VS Code;C:\Program Files\Common Files\Oracle\J;C:\Users\User-sophatel\App
USERNAME=User-sophatel
LANG=en_US.UTF-8
OS=Windows_NT
PROCESSOR_IDENTIFIER=Intel64 Family 6 Model 165 Stepping 5, GenuineIntel



---------------  S Y S T E M  ---------------

OS:
 Windows 11 , 64 bit Build 26100 (10.0.26100.9444)
OS uptime: 10 days 2:10 hours
Hyper-V role detected

CPU: total 16 (initial active 16) (8 cores per cpu, 2 threads per core) family 6 model 165 stepping 5 microcode 0xec, cx8, cmov, fxsr, ht, mmx, 3dnowpref, sse, sse2, sse3, ssse3, sse4.1, sse4.2, popcnt, lzcnt, tsc, tscinvbit, avx, avx2, aes, erms, clmul, bmi1, bmi2, adx, fma, vzeroupper, clflush, clflushopt, hv

Memory: 4k page, system-wide physical 16131M (2300M free)
TotalPageFile size 36958M (AvailPageFile size 5174M)
current process WorkingSet (physical memory assigned to process): 305M, peak: 572M
current process commit charge ("private bytes"): 639M, peak: 639M

vm_info: Java HotSpot(TM) 64-Bit Server VM (17.0.12+8-LTS-286) for windows-amd64 JRE (17.0.12+8-LTS-286), built on Jun  5 2024 06:46:59 by "mach5one" with MS VC++ 17.6 (VS2022)

END.
